---
source: src/app.rs
expression: terminal.backend()
---
"                                               point                                               ▲"
"                                                                                                   █"
"Feature   │geom                                         field                                      █"
"1         │POINT (0 0)                                  NULL                                       █"
"2         │POINT (1 0)                                  NULL                                       █"
"3         │POINT (1 1)                                  NULL                                       █"
"4         │POIN                                                                                    █"
"          │     ╭────────────────── Feature 1 - Value of "geom" ───────────────────╮               █"
"          │     │POINT (0 0)                                                       │               █"
"          │     │                                                                  │               █"
"          │     │                                                                  │               █"
"          │     │                                                                  │               █"
"          │     │                                                                  │               █"
"          │     │                                                                  │               █"
"          │     │                                                                  │               █"
"          │     │                                                                  │               █"
"          │     │                                                                  │               █"
"          │     │                                                                  │               █"
"          │     │                                                                  │               █"
"          │     │         ╭──────────────────────────────────────────────╮         │               █"
"          │     │         │"POINT (0 0)" copied to clipboard!            │         │               █"
"          │     │         ╰──────── <press any key to continue> ─────────╯         │               █"
"          │     │                                                                  │               █"
"          │     │                                                                  │               █"
"          │     │                                                                  │               █"
"          │     │                                                                  │               █"
"          │     │                                                                  │               █"
"          │     │                                                                  │               █"
"          │     │                                                                  │               █"
"          │     │                                                                  │               █"
"          │     │                                                                  │               █"
"          │     │                                                                  │               █"
"          │     ╰─────────────────────── <press q to close> ───────────────────────╯               █"
"          │                                                                                        █"
"          │                                                                                        █"
"          │                                                                                        █"
"          │                                                                                        █"
"          │                                                                                        █"
"────────────────────────────────────── <type ? to show help> ──────────────────────────────────────▼"
"◄██████████████████████████████████████████████████████████████████████████████████████████████████►"
