---
source: src/tat.rs
expression: terminal.backend()
---
"                                               point                                               ▲"
"                                                                                                   █"
"Feature   │geom                                         field                                      █"
"1         │POINT (0 0)                                  NULL                                       █"
"2         │POINT (1 0)                                  NULL                                       █"
"3         │POINT (1 1)                                  NULL                                       █"
"4         │POINT (0 1)                                  NULL                                       █"
"          │                                                                                        █"
"          │                                                                                        █"
"          │                                                                                        █"
"          │                                                                                        █"
"          │                                                                                        █"
"          │                                                                                        █"
"          │                                                                                        █"
"          │                                                                                        █"
"          │                                                                                        █"
"          │                                                                                        █"
"          │                                                                                        █"
"          │                                                                                        █"
"          │                                                                                        █"
"          │                                                                                        █"
"          │                                                                                        █"
"          │                                                                                        █"
"          │                                                                                        █"
"          │                                                                                        █"
"          │                                                                                        █"
"          │                                                                                        █"
"          │                                                                                        █"
"          │                                                                                        █"
"          │                                                                                        █"
"          │                                                                                        █"
"          │                                                                                        █"
"          │                                                                                        █"
"          │                                                                                        █"
"          │                                                                                        █"
"          │                                                                                        █"
"          │                                                                                        █"
"          │                                                                                        █"
"────────────────────────────────────── <type ? to show help> ──────────────────────────────────────▼"
"◄██████████████████████████████████████████████████████████████████████████████████████████████████►"
