---
source: src/tat.rs
expression: terminal.backend()
---
"                                      Terminal Attribute Table                                      "
"                                                                                                    "
"╭ Dataset ──────────────────────────── <type ? to show help> ──────────────────────────────────────╮"
"│- URI: "./testdata/basic.gpkg"                                                                    │"
"│- Driver: GeoPackage (GPKG)                                                                       │"
"│                                                                                                  │"
"│ Layers ─────┬ Layer Information ────────┬ Preview Table ─────────────────────────────────────────┤"
"│point        │- Name: multipolygon       │          │                                             │"
"│line         │- CRS: EPSG:3067 (ETRS89 / │Feature   │geom                                         │"
"│polygon      │- Feature Count: 3         │1         │MULTIPOLYGON (((-2 0,-2 -1,-1 …              │"
"│multipolygon │- Geometry fields:         │2         │MULTIPOLYGON (((-3 0,-3 -1,-4 …              │"
"│nogeom       │    "geom" - (Multi Polygon│3         │MULTIPOLYGON (((3 2,3 1,4 1,4 …              │"
"│             │                           │          │                                             │"
"│             │                           │          │                                             │"
"│             │                           │          │                                             │"
"│             │                           │          │                                             │"
"│             │                           │          │                                             │"
"│             │                           │          │                                             │"
"│             │                           │          │                                             │"
"│             │                           │          │                                             │"
"│             │                           │          │                                             │"
"│             │                           │          │                                             │"
"│             │                           │          │                                             │"
"│             │                           │          │                                             │"
"│             │                           │          │                                             │"
"│             │                           │          │                                             │"
"│             │                           │          │                                             │"
"│             │                           │          │                                             │"
"│             │                           │          │                                             │"
"│             │                           │          │                                             │"
"│             │                           │          │                                             │"
"│             │                           │          │                                             │"
"│             │                           │          │                                             │"
"│             │                           │          │                                             │"
"│             │                           │          │                                             │"
"│             │                           │          │                                             │"
"│             │                           │          │                                             │"
"│             │                           │          │                                             │"
"│             │◄█████████████████════════►│          │                                             │"
"╰─────────────┴───────────────────────────┴────────────── <Enter> to open full table ──────────────╯"
